[INFO] Scanning for projects...
[INFO] 
[INFO] ---------------------< com.foodshare:food-service >---------------------
[INFO] Building  0.0.1-SNAPSHOT
[INFO]   from pom.xml
[INFO] --------------------------------[ jar ]---------------------------------
[INFO] 
[INFO] >>> spring-boot:4.1.0:run (default-cli) > test-compile @ food-service >>>
[INFO] 
[INFO] --- resources:3.5.0:resources (default-resources) @ food-service ---
[INFO] Copying 1 resource from src/main/resources to target/classes
[INFO] Copying 0 resource from src/main/resources to target/classes
[INFO] 
[INFO] --- compiler:3.15.0:compile (default-compile) @ food-service ---
[INFO] Nothing to compile - all classes are up to date.
[INFO] 
[INFO] --- resources:3.5.0:testResources (default-testResources) @ food-service ---
[INFO] skip non existing resourceDirectory /Users/ravipandit/Development/MCA/Spring-Boot-Project/FoodShare_Fronted /Backend/food-service/src/test/resources
[INFO] 
[INFO] --- compiler:3.15.0:testCompile (default-testCompile) @ food-service ---
[INFO] Nothing to compile - all classes are up to date.
[INFO] 
[INFO] <<< spring-boot:4.1.0:run (default-cli) < test-compile @ food-service <<<
[INFO] 
[INFO] 
[INFO] --- spring-boot:4.1.0:run (default-cli) @ food-service ---
[INFO] Attaching agents: []

  .   ____          _            __ _ _
 /\\ / ___'_ __ _ _(_)_ __  __ _ \ \ \ \
( ( )\___ | '_ | '_| | '_ \/ _` | \ \ \ \
 \\/  ___)| |_)| | | | | || (_| |  ) ) ) )
  '  |____| .__|_| |_|_| |_\__, | / / / /
 =========|_|==============|___/=/_/_/_/

 :: Spring Boot ::                (v4.1.0)

2026-09-29T11:21:09.029+05:30  INFO 6212 --- [food-service] [           main] c.f.food_service.FoodServiceApplication  : Starting FoodServiceApplication using Java 21.0.12 with PID 6212 (/Users/ravipandit/Development/MCA/Spring-Boot-Project/FoodShare_Fronted /Backend/food-service/target/classes started by ravipandit in /Users/ravipandit/Development/MCA/Spring-Boot-Project/FoodShare_Fronted /Backend/food-service)
2026-09-29T11:21:09.049+05:30  INFO 6212 --- [food-service] [           main] c.f.food_service.FoodServiceApplication  : No active profile set, falling back to 1 default profile: "default"
2026-09-29T11:21:10.093+05:30  INFO 6212 --- [food-service] [           main] .s.d.r.c.RepositoryConfigurationDelegate : Bootstrapping Spring Data JPA repositories in DEFAULT mode.
2026-09-29T11:21:10.263+05:30  INFO 6212 --- [food-service] [           main] .s.d.r.c.RepositoryConfigurationDelegate : Finished Spring Data repository scanning in 164 ms. Found 1 JPA repository interface.
2026-09-29T11:21:10.488+05:30  INFO 6212 --- [food-service] [           main] o.s.cloud.context.scope.GenericScope     : BeanFactory id=e2593d99-08f8-3005-ab07-3d4accf843a4
2026-09-29T11:21:10.806+05:30  INFO 6212 --- [food-service] [           main] o.s.boot.tomcat.TomcatWebServer          : Tomcat initialized with port 8083 (http)
2026-09-29T11:21:10.824+05:30  INFO 6212 --- [food-service] [           main] o.apache.catalina.core.StandardService   : Starting service [Tomcat]
2026-09-29T11:21:10.824+05:30  INFO 6212 --- [food-service] [           main] o.apache.catalina.core.StandardEngine    : Starting Servlet engine: [Apache Tomcat/11.0.22]
2026-09-29T11:21:10.864+05:30  INFO 6212 --- [food-service] [           main] b.w.c.s.WebApplicationContextInitializer : Root WebApplicationContext: initialization completed in 1755 ms
2026-09-29T11:21:11.077+05:30  INFO 6212 --- [food-service] [           main] org.hibernate.orm.jpa                    : HHH008540: Processing PersistenceUnitInfo [name: default]
2026-09-29T11:21:11.108+05:30  INFO 6212 --- [food-service] [           main] org.hibernate.orm.core                   : HHH000001: Hibernate ORM core version 7.4.1.Final
2026-09-29T11:21:11.384+05:30  INFO 6212 --- [food-service] [           main] o.s.o.j.p.SpringPersistenceUnitInfo      : No LoadTimeWeaver setup: ignoring JPA class transformer
2026-09-29T11:21:11.406+05:30  INFO 6212 --- [food-service] [           main] com.zaxxer.hikari.HikariDataSource       : HikariPool-1 - Starting...
2026-09-29T11:21:11.529+05:30  INFO 6212 --- [food-service] [           main] com.zaxxer.hikari.pool.HikariPool        : HikariPool-1 - Added connection com.mysql.cj.jdbc.ConnectionImpl@39159b14
2026-09-29T11:21:11.530+05:30  INFO 6212 --- [food-service] [           main] com.zaxxer.hikari.HikariDataSource       : HikariPool-1 - Start completed.
2026-09-29T11:21:11.564+05:30  WARN 6212 --- [food-service] [           main] org.hibernate.orm.core                   : HHH000511: The 5.5.5 version for [org.hibernate.dialect.MySQLDialect] is no longer supported, hence certain features may not work properly.The minimum supported version is 8.0.0. Check the community dialects project for available legacy versions.
2026-09-29T11:21:11.574+05:30  INFO 6212 --- [food-service] [           main] org.hibernate.orm.connections.pooling    : HHH10001005: Database info:
	Database JDBC URL [jdbc:mysql://localhost:3306/foodshare_food_db]
	Database driver: MySQL Connector/J
	Database dialect: MySQLDialect
	Database version: 5.5.5
	Default catalog/schema: foodshare_food_db/undefined
	Autocommit mode: undefined/unknown
	Isolation level: REPEATABLE_READ [default REPEATABLE_READ]
	JDBC fetch size: none
	Pool: DataSourceConnectionProvider
	Minimum pool size: undefined/unknown
	Maximum pool size: undefined/unknown
2026-09-29T11:21:12.183+05:30  INFO 6212 --- [food-service] [           main] org.hibernate.orm.core                   : HHH000489: No JTA platform available (set 'hibernate.transaction.jta.platform' to enable JTA platform integration)
2026-09-29T11:21:12.270+05:30  INFO 6212 --- [food-service] [           main] j.LocalContainerEntityManagerFactoryBean : Initialized JPA EntityManagerFactory for persistence unit 'default'
2026-09-29T11:21:12.315+05:30  INFO 6212 --- [food-service] [           main] o.s.d.j.r.query.QueryEnhancerFactories   : Hibernate is in classpath; If applicable, HQL parser will be used.
2026-09-29T11:21:12.439+05:30  WARN 6212 --- [food-service] [           main] JpaBaseConfiguration$JpaWebConfiguration : spring.jpa.open-in-view is enabled by default. Therefore, database queries may be performed during view rendering. Explicitly configure spring.jpa.open-in-view to disable this warning
2026-09-29T11:21:12.824+05:30  INFO 6212 --- [food-service] [           main] DiscoveryClientOptionalArgsConfiguration : Eureka HTTP Client uses RestClient.
2026-09-29T11:21:12.846+05:30  WARN 6212 --- [food-service] [           main] iguration$LoadBalancerCaffeineWarnLogger : Spring Cloud LoadBalancer is currently working with the default cache. While this cache implementation is useful for development and tests, it's recommended to use Caffeine cache in production.You can switch to using Caffeine cache, by adding it and org.springframework.cache.caffeine.CaffeineCacheManager to the classpath.
2026-09-29T11:21:12.850+05:30  INFO 6212 --- [food-service] [           main] o.s.b.a.e.web.EndpointLinksResolver      : Exposing 16 endpoints beneath base path '/actuator'
2026-09-29T11:21:12.899+05:30  INFO 6212 --- [food-service] [           main] o.s.c.n.eureka.InstanceInfoFactory       : Setting initial instance status as: STARTING
2026-09-29T11:21:12.915+05:30  INFO 6212 --- [food-service] [           main] com.netflix.discovery.DiscoveryClient    : Initializing Eureka in region us-east-1
2026-09-29T11:21:12.917+05:30  INFO 6212 --- [food-service] [           main] c.n.d.s.r.aws.ConfigClusterResolver      : Resolving eureka endpoints via configuration
2026-09-29T11:21:12.922+05:30  INFO 6212 --- [food-service] [           main] com.netflix.discovery.DiscoveryClient    : Disable delta property : false
2026-09-29T11:21:12.922+05:30  INFO 6212 --- [food-service] [           main] com.netflix.discovery.DiscoveryClient    : Single vip registry refresh property : null
2026-09-29T11:21:12.922+05:30  INFO 6212 --- [food-service] [           main] com.netflix.discovery.DiscoveryClient    : Force full registry fetch : false
2026-09-29T11:21:12.922+05:30  INFO 6212 --- [food-service] [           main] com.netflix.discovery.DiscoveryClient    : Application is null : false
2026-09-29T11:21:12.922+05:30  INFO 6212 --- [food-service] [           main] com.netflix.discovery.DiscoveryClient    : Registered Applications size is zero : true
2026-09-29T11:21:12.922+05:30  INFO 6212 --- [food-service] [           main] com.netflix.discovery.DiscoveryClient    : Application version is -1: true
2026-09-29T11:21:12.922+05:30  INFO 6212 --- [food-service] [           main] com.netflix.discovery.DiscoveryClient    : Getting all instance registry info from the eureka server
2026-09-29T11:21:13.154+05:30  INFO 6212 --- [food-service] [           main] com.netflix.discovery.DiscoveryClient    : The response status is 200
2026-09-29T11:21:13.155+05:30  INFO 6212 --- [food-service] [           main] com.netflix.discovery.DiscoveryClient    : Starting heartbeat executor: renew interval is: 30
2026-09-29T11:21:13.156+05:30  INFO 6212 --- [food-service] [           main] c.n.discovery.InstanceInfoReplicator     : InstanceInfoReplicator onDemand update allowed rate per min is 4
2026-09-29T11:21:13.157+05:30  INFO 6212 --- [food-service] [           main] com.netflix.discovery.DiscoveryClient    : Discovery Client initialized at timestamp 1790661073156 with initial instances count: 0
2026-09-29T11:21:13.159+05:30  INFO 6212 --- [food-service] [           main] o.s.c.n.e.s.EurekaServiceRegistry        : Registering application FOOD-SERVICE with eureka with status UP
2026-09-29T11:21:13.160+05:30  INFO 6212 --- [food-service] [           main] com.netflix.discovery.DiscoveryClient    : Saw local status change event StatusChangeEvent [timestamp=1790661073160, current=UP, previous=STARTING]
2026-09-29T11:21:13.161+05:30  INFO 6212 --- [food-service] [foReplicator-%d] com.netflix.discovery.DiscoveryClient    : DiscoveryClient_FOOD-SERVICE/192.168.4.46:food-service:8083: registering service...
2026-09-29T11:21:13.178+05:30  INFO 6212 --- [food-service] [           main] o.s.boot.tomcat.TomcatWebServer          : Tomcat started on port 8083 (http) with context path '/'
2026-09-29T11:21:13.180+05:30  INFO 6212 --- [food-service] [           main] .s.c.n.e.s.EurekaAutoServiceRegistration : Updating port to 8083
2026-09-29T11:21:13.201+05:30  INFO 6212 --- [food-service] [           main] c.f.food_service.FoodServiceApplication  : Started FoodServiceApplication in 4.738 seconds (process running for 5.235)
2026-09-29T11:21:13.204+05:30  INFO 6212 --- [food-service] [foReplicator-%d] com.netflix.discovery.DiscoveryClient    : DiscoveryClient_FOOD-SERVICE/192.168.4.46:food-service:8083 - registration status: 204
2026-09-29T11:21:43.161+05:30  INFO 6212 --- [food-service] [reshExecutor-%d] com.netflix.discovery.DiscoveryClient    : Disable delta property : false
2026-09-29T11:21:43.163+05:30  INFO 6212 --- [food-service] [reshExecutor-%d] com.netflix.discovery.DiscoveryClient    : Single vip registry refresh property : null
2026-09-29T11:21:43.163+05:30  INFO 6212 --- [food-service] [reshExecutor-%d] com.netflix.discovery.DiscoveryClient    : Force full registry fetch : false
2026-09-29T11:21:43.163+05:30  INFO 6212 --- [food-service] [reshExecutor-%d] com.netflix.discovery.DiscoveryClient    : Application is null : false
2026-09-29T11:21:43.163+05:30  INFO 6212 --- [food-service] [reshExecutor-%d] com.netflix.discovery.DiscoveryClient    : Registered Applications size is zero : true
2026-09-29T11:21:43.163+05:30  INFO 6212 --- [food-service] [reshExecutor-%d] com.netflix.discovery.DiscoveryClient    : Application version is -1: false
2026-09-29T11:21:43.163+05:30  INFO 6212 --- [food-service] [reshExecutor-%d] com.netflix.discovery.DiscoveryClient    : Getting all instance registry info from the eureka server
2026-09-29T11:21:43.196+05:30  INFO 6212 --- [food-service] [reshExecutor-%d] com.netflix.discovery.DiscoveryClient    : The response status is 200
2026-09-29T11:26:12.921+05:30  INFO 6212 --- [food-service] [rap-executor-%d] c.n.d.s.r.aws.ConfigClusterResolver      : Resolving eureka endpoints via configuration
