[INFO] Scanning for projects...
[INFO] 
[INFO] -------------------< com.foodshare:payment_service >--------------------
[INFO] Building payment_service 0.0.1-SNAPSHOT
[INFO]   from pom.xml
[INFO] --------------------------------[ jar ]---------------------------------
[INFO] 
[INFO] >>> spring-boot:4.1.1:run (default-cli) > test-compile @ payment_service >>>
[INFO] 
[INFO] --- resources:3.5.0:resources (default-resources) @ payment_service ---
[INFO] Copying 1 resource from src/main/resources to target/classes
[INFO] Copying 0 resource from src/main/resources to target/classes
[INFO] 
[INFO] --- compiler:3.15.0:compile (default-compile) @ payment_service ---
[INFO] Nothing to compile - all classes are up to date.
[INFO] 
[INFO] --- resources:3.5.0:testResources (default-testResources) @ payment_service ---
[INFO] skip non existing resourceDirectory /Users/ravipandit/Development/MCA/Spring-Boot-Project/FoodShare_Fronted /Backend/payment_service/src/test/resources
[INFO] 
[INFO] --- compiler:3.15.0:testCompile (default-testCompile) @ payment_service ---
[INFO] Nothing to compile - all classes are up to date.
[INFO] 
[INFO] <<< spring-boot:4.1.1:run (default-cli) < test-compile @ payment_service <<<
[INFO] 
[INFO] 
[INFO] --- spring-boot:4.1.1:run (default-cli) @ payment_service ---
[INFO] Attaching agents: []

  .   ____          _            __ _ _
 /\\ / ___'_ __ _ _(_)_ __  __ _ \ \ \ \
( ( )\___ | '_ | '_| | '_ \/ _` | \ \ \ \
 \\/  ___)| |_)| | | | | || (_| |  ) ) ) )
  '  |____| .__|_| |_|_| |_\__, | / / / /
 =========|_|==============|___/=/_/_/_/

 :: Spring Boot ::                (v4.1.1)

2026-10-03T21:49:45.496+05:30  INFO 57659 --- [payment-service] [           main] c.f.p.PaymentServiceApplication          : Starting PaymentServiceApplication using Java 21.0.12 with PID 57659 (/Users/ravipandit/Development/MCA/Spring-Boot-Project/FoodShare_Fronted /Backend/payment_service/target/classes started by ravipandit in /Users/ravipandit/Development/MCA/Spring-Boot-Project/FoodShare_Fronted /Backend/payment_service)
2026-10-03T21:49:45.500+05:30  INFO 57659 --- [payment-service] [           main] c.f.p.PaymentServiceApplication          : No active profile set, falling back to 1 default profile: "default"
2026-10-03T21:49:46.168+05:30  INFO 57659 --- [payment-service] [           main] .s.d.r.c.RepositoryConfigurationDelegate : Bootstrapping Spring Data JPA repositories in DEFAULT mode.
2026-10-03T21:49:46.291+05:30  INFO 57659 --- [payment-service] [           main] .s.d.r.c.RepositoryConfigurationDelegate : Finished Spring Data repository scanning in 116 ms. Found 1 JPA repository interface.
2026-10-03T21:49:46.464+05:30  INFO 57659 --- [payment-service] [           main] o.s.cloud.context.scope.GenericScope     : BeanFactory id=a56746de-36e6-332d-b778-3226361fd394
2026-10-03T21:49:46.738+05:30  INFO 57659 --- [payment-service] [           main] o.s.boot.tomcat.TomcatWebServer          : Tomcat initialized with port 8086 (http)
2026-10-03T21:49:46.750+05:30  INFO 57659 --- [payment-service] [           main] o.apache.catalina.core.StandardService   : Starting service [Tomcat]
2026-10-03T21:49:46.750+05:30  INFO 57659 --- [payment-service] [           main] o.apache.catalina.core.StandardEngine    : Starting Servlet engine: [Apache Tomcat/11.0.24]
2026-10-03T21:49:46.783+05:30  INFO 57659 --- [payment-service] [           main] b.w.c.s.WebApplicationContextInitializer : Root WebApplicationContext: initialization completed in 1234 ms
2026-10-03T21:49:46.908+05:30  INFO 57659 --- [payment-service] [           main] org.hibernate.orm.jpa                    : HHH008540: Processing PersistenceUnitInfo [name: default]
2026-10-03T21:49:46.949+05:30  INFO 57659 --- [payment-service] [           main] org.hibernate.orm.core                   : HHH000001: Hibernate ORM core version 7.4.5.Final
2026-10-03T21:49:47.268+05:30  INFO 57659 --- [payment-service] [           main] o.s.o.j.p.SpringPersistenceUnitInfo      : No LoadTimeWeaver setup: ignoring JPA class transformer
2026-10-03T21:49:47.291+05:30  INFO 57659 --- [payment-service] [           main] com.zaxxer.hikari.HikariDataSource       : HikariPool-1 - Starting...
2026-10-03T21:49:47.441+05:30  INFO 57659 --- [payment-service] [           main] com.zaxxer.hikari.pool.HikariPool        : HikariPool-1 - Added connection com.mysql.cj.jdbc.ConnectionImpl@2bf0c70d
2026-10-03T21:49:47.442+05:30  INFO 57659 --- [payment-service] [           main] com.zaxxer.hikari.HikariDataSource       : HikariPool-1 - Start completed.
2026-10-03T21:49:47.491+05:30  WARN 57659 --- [payment-service] [           main] org.hibernate.orm.core                   : HHH000511: The 5.5.5 version for [org.hibernate.dialect.MySQLDialect] is no longer supported, hence certain features may not work properly.The minimum supported version is 8.0.0. Check the community dialects project for available legacy versions.
2026-10-03T21:49:47.502+05:30  INFO 57659 --- [payment-service] [           main] org.hibernate.orm.connections.pooling    : HHH10001005: Database info:
	Database JDBC URL [jdbc:mysql://localhost:3306/foodshare_payment_db?createDatabaseIfNotExist=true&useSSL=false&serverTimezone=Asia/Kolkata]
	Database driver: MySQL Connector/J
	Database dialect: MySQLDialect
	Database version: 5.5.5
	Default catalog/schema: foodshare_payment_db/undefined
	Autocommit mode: undefined/unknown
	Isolation level: REPEATABLE_READ [default REPEATABLE_READ]
	JDBC fetch size: none
	Pool: DataSourceConnectionProvider
	Minimum pool size: undefined/unknown
	Maximum pool size: undefined/unknown
2026-10-03T21:49:48.239+05:30  INFO 57659 --- [payment-service] [           main] org.hibernate.orm.core                   : HHH000489: No JTA platform available (set 'hibernate.transaction.jta.platform' to enable JTA platform integration)
2026-10-03T21:49:48.313+05:30  INFO 57659 --- [payment-service] [           main] j.LocalContainerEntityManagerFactoryBean : Initialized JPA EntityManagerFactory for persistence unit 'default'
2026-10-03T21:49:48.627+05:30  INFO 57659 --- [payment-service] [           main] o.s.d.j.r.query.QueryEnhancerFactories   : Hibernate is in classpath; If applicable, HQL parser will be used.
2026-10-03T21:49:48.814+05:30  WARN 57659 --- [payment-service] [           main] JpaBaseConfiguration$JpaWebConfiguration : spring.jpa.open-in-view is enabled by default. Therefore, database queries may be performed during view rendering. Explicitly configure spring.jpa.open-in-view to disable this warning
2026-10-03T21:49:49.249+05:30  INFO 57659 --- [payment-service] [           main] DiscoveryClientOptionalArgsConfiguration : Eureka HTTP Client uses RestClient.
2026-10-03T21:49:49.271+05:30  WARN 57659 --- [payment-service] [           main] iguration$LoadBalancerCaffeineWarnLogger : Spring Cloud LoadBalancer is currently working with the default cache. While this cache implementation is useful for development and tests, it's recommended to use Caffeine cache in production.You can switch to using Caffeine cache, by adding it and org.springframework.cache.caffeine.CaffeineCacheManager to the classpath.
2026-10-03T21:49:49.286+05:30  INFO 57659 --- [payment-service] [           main] o.s.c.n.eureka.InstanceInfoFactory       : Setting initial instance status as: STARTING
2026-10-03T21:49:49.303+05:30  INFO 57659 --- [payment-service] [           main] com.netflix.discovery.DiscoveryClient    : Initializing Eureka in region us-east-1
2026-10-03T21:49:49.305+05:30  INFO 57659 --- [payment-service] [           main] c.n.d.s.r.aws.ConfigClusterResolver      : Resolving eureka endpoints via configuration
2026-10-03T21:49:49.309+05:30  INFO 57659 --- [payment-service] [           main] com.netflix.discovery.DiscoveryClient    : Disable delta property : false
2026-10-03T21:49:49.309+05:30  INFO 57659 --- [payment-service] [           main] com.netflix.discovery.DiscoveryClient    : Single vip registry refresh property : null
2026-10-03T21:49:49.309+05:30  INFO 57659 --- [payment-service] [           main] com.netflix.discovery.DiscoveryClient    : Force full registry fetch : false
2026-10-03T21:49:49.309+05:30  INFO 57659 --- [payment-service] [           main] com.netflix.discovery.DiscoveryClient    : Application is null : false
2026-10-03T21:49:49.310+05:30  INFO 57659 --- [payment-service] [           main] com.netflix.discovery.DiscoveryClient    : Registered Applications size is zero : true
2026-10-03T21:49:49.310+05:30  INFO 57659 --- [payment-service] [           main] com.netflix.discovery.DiscoveryClient    : Application version is -1: true
2026-10-03T21:49:49.310+05:30  INFO 57659 --- [payment-service] [           main] com.netflix.discovery.DiscoveryClient    : Getting all instance registry info from the eureka server
2026-10-03T21:49:49.657+05:30  INFO 57659 --- [payment-service] [           main] com.netflix.discovery.DiscoveryClient    : The response status is 200
2026-10-03T21:49:49.666+05:30  INFO 57659 --- [payment-service] [           main] com.netflix.discovery.DiscoveryClient    : Starting heartbeat executor: renew interval is: 30
2026-10-03T21:49:49.668+05:30  INFO 57659 --- [payment-service] [           main] c.n.discovery.InstanceInfoReplicator     : InstanceInfoReplicator onDemand update allowed rate per min is 4
2026-10-03T21:49:49.671+05:30  INFO 57659 --- [payment-service] [           main] com.netflix.discovery.DiscoveryClient    : Discovery Client initialized at timestamp 1791044389670 with initial instances count: 0
2026-10-03T21:49:49.697+05:30  INFO 57659 --- [payment-service] [           main] o.s.c.n.e.s.EurekaServiceRegistry        : Registering application PAYMENT-SERVICE with eureka with status UP
2026-10-03T21:49:49.698+05:30  INFO 57659 --- [payment-service] [           main] com.netflix.discovery.DiscoveryClient    : Saw local status change event StatusChangeEvent [timestamp=1791044389698, current=UP, previous=STARTING]
2026-10-03T21:49:49.704+05:30  INFO 57659 --- [payment-service] [foReplicator-%d] com.netflix.discovery.DiscoveryClient    : DiscoveryClient_PAYMENT-SERVICE/10.143.180.246:payment-service:8086: registering service...
2026-10-03T21:49:49.750+05:30  INFO 57659 --- [payment-service] [           main] o.s.boot.tomcat.TomcatWebServer          : Tomcat started on port 8086 (http) with context path '/'
2026-10-03T21:49:49.751+05:30  INFO 57659 --- [payment-service] [           main] .s.c.n.e.s.EurekaAutoServiceRegistration : Updating port to 8086
2026-10-03T21:49:49.767+05:30  INFO 57659 --- [payment-service] [           main] c.f.p.PaymentServiceApplication          : Started PaymentServiceApplication in 5.311 seconds (process running for 5.984)
2026-10-03T21:49:49.775+05:30  INFO 57659 --- [payment-service] [foReplicator-%d] com.netflix.discovery.DiscoveryClient    : DiscoveryClient_PAYMENT-SERVICE/10.143.180.246:payment-service:8086 - registration status: 204
2026-10-03T21:50:19.666+05:30  INFO 57659 --- [payment-service] [reshExecutor-%d] com.netflix.discovery.DiscoveryClient    : Disable delta property : false
2026-10-03T21:50:19.668+05:30  INFO 57659 --- [payment-service] [reshExecutor-%d] com.netflix.discovery.DiscoveryClient    : Single vip registry refresh property : null
2026-10-03T21:50:19.668+05:30  INFO 57659 --- [payment-service] [reshExecutor-%d] com.netflix.discovery.DiscoveryClient    : Force full registry fetch : false
2026-10-03T21:50:19.668+05:30  INFO 57659 --- [payment-service] [reshExecutor-%d] com.netflix.discovery.DiscoveryClient    : Application is null : false
2026-10-03T21:50:19.668+05:30  INFO 57659 --- [payment-service] [reshExecutor-%d] com.netflix.discovery.DiscoveryClient    : Registered Applications size is zero : true
2026-10-03T21:50:19.668+05:30  INFO 57659 --- [payment-service] [reshExecutor-%d] com.netflix.discovery.DiscoveryClient    : Application version is -1: false
2026-10-03T21:50:19.668+05:30  INFO 57659 --- [payment-service] [reshExecutor-%d] com.netflix.discovery.DiscoveryClient    : Getting all instance registry info from the eureka server
2026-10-03T21:50:19.717+05:30  INFO 57659 --- [payment-service] [reshExecutor-%d] com.netflix.discovery.DiscoveryClient    : The response status is 200
2026-10-03T21:54:06.202+05:30  INFO 57659 --- [payment-service] [nio-8086-exec-1] o.a.c.c.C.[Tomcat].[localhost].[/]       : Initializing Spring DispatcherServlet 'dispatcherServlet'
2026-10-03T21:54:06.202+05:30  INFO 57659 --- [payment-service] [nio-8086-exec-1] o.s.web.servlet.DispatcherServlet        : Initializing Servlet 'dispatcherServlet'
2026-10-03T21:54:06.206+05:30  INFO 57659 --- [payment-service] [nio-8086-exec-1] o.s.web.servlet.DispatcherServlet        : Completed initialization in 4 ms
Hibernate: 
    select
        p1_0.id,
        p1_0.amount,
        p1_0.created_at,
        p1_0.currency,
        p1_0.donation_id,
        p1_0.razorpay_order_id,
        p1_0.razorpay_payment_id,
        p1_0.razorpay_signature,
        p1_0.status,
        p1_0.updated_at,
        p1_0.user_id 
    from
        payments p1_0 
    where
        p1_0.user_id=?
2026-10-03T21:54:49.309+05:30  INFO 57659 --- [payment-service] [rap-executor-%d] c.n.d.s.r.aws.ConfigClusterResolver      : Resolving eureka endpoints via configuration
Hibernate: 
    select
        p1_0.id,
        p1_0.amount,
        p1_0.created_at,
        p1_0.currency,
        p1_0.donation_id,
        p1_0.razorpay_order_id,
        p1_0.razorpay_payment_id,
        p1_0.razorpay_signature,
        p1_0.status,
        p1_0.updated_at,
        p1_0.user_id 
    from
        payments p1_0 
    where
        p1_0.user_id=?
Hibernate: 
    select
        p1_0.id,
        p1_0.amount,
        p1_0.created_at,
        p1_0.currency,
        p1_0.donation_id,
        p1_0.razorpay_order_id,
        p1_0.razorpay_payment_id,
        p1_0.razorpay_signature,
        p1_0.status,
        p1_0.updated_at,
        p1_0.user_id 
    from
        payments p1_0 
    where
        p1_0.user_id=?
Hibernate: 
    select
        p1_0.id,
        p1_0.amount,
        p1_0.created_at,
        p1_0.currency,
        p1_0.donation_id,
        p1_0.razorpay_order_id,
        p1_0.razorpay_payment_id,
        p1_0.razorpay_signature,
        p1_0.status,
        p1_0.updated_at,
        p1_0.user_id 
    from
        payments p1_0 
    where
        p1_0.user_id=?
2026-10-03T21:55:47.373+05:30  WARN 57659 --- [payment-service] [l-1:housekeeper] com.zaxxer.hikari.pool.HikariPool        : HikariPool-1 - Retrograde clock change detected (housekeeper delta=29s783ms), soft-evicting connections from pool.
2026-10-03T21:59:49.084+05:30  INFO 57659 --- [payment-service] [rap-executor-%d] c.n.d.s.r.aws.ConfigClusterResolver      : Resolving eureka endpoints via configuration
Hibernate: 
    select
        p1_0.id,
        p1_0.amount,
        p1_0.created_at,
        p1_0.currency,
        p1_0.donation_id,
        p1_0.razorpay_order_id,
        p1_0.razorpay_payment_id,
        p1_0.razorpay_signature,
        p1_0.status,
        p1_0.updated_at,
        p1_0.user_id 
    from
        payments p1_0 
    where
        p1_0.user_id=?
Hibernate: 
    select
        p1_0.id,
        p1_0.amount,
        p1_0.created_at,
        p1_0.currency,
        p1_0.donation_id,
        p1_0.razorpay_order_id,
        p1_0.razorpay_payment_id,
        p1_0.razorpay_signature,
        p1_0.status,
        p1_0.updated_at,
        p1_0.user_id 
    from
        payments p1_0 
    where
        p1_0.user_id=?
Hibernate: 
    insert 
    into
        payments
        (amount, created_at, currency, donation_id, razorpay_order_id, razorpay_payment_id, razorpay_signature, status, updated_at, user_id) 
    values
        (?, ?, ?, ?, ?, ?, ?, ?, ?, ?)
Hibernate: 
    select
        p1_0.id,
        p1_0.amount,
        p1_0.created_at,
        p1_0.currency,
        p1_0.donation_id,
        p1_0.razorpay_order_id,
        p1_0.razorpay_payment_id,
        p1_0.razorpay_signature,
        p1_0.status,
        p1_0.updated_at,
        p1_0.user_id 
    from
        payments p1_0 
    where
        p1_0.user_id=?
Hibernate: 
    select
        p1_0.id,
        p1_0.amount,
        p1_0.created_at,
        p1_0.currency,
        p1_0.donation_id,
        p1_0.razorpay_order_id,
        p1_0.razorpay_payment_id,
        p1_0.razorpay_signature,
        p1_0.status,
        p1_0.updated_at,
        p1_0.user_id 
    from
        payments p1_0 
    where
        p1_0.user_id=?
Hibernate: 
    select
        p1_0.id,
        p1_0.amount,
        p1_0.created_at,
        p1_0.currency,
        p1_0.donation_id,
        p1_0.razorpay_order_id,
        p1_0.razorpay_payment_id,
        p1_0.razorpay_signature,
        p1_0.status,
        p1_0.updated_at,
        p1_0.user_id 
    from
        payments p1_0 
    where
        p1_0.user_id=?
Hibernate: 
    insert 
    into
        payments
        (amount, created_at, currency, donation_id, razorpay_order_id, razorpay_payment_id, razorpay_signature, status, updated_at, user_id) 
    values
        (?, ?, ?, ?, ?, ?, ?, ?, ?, ?)
Hibernate: 
    select
        p1_0.id,
        p1_0.amount,
        p1_0.created_at,
        p1_0.currency,
        p1_0.donation_id,
        p1_0.razorpay_order_id,
        p1_0.razorpay_payment_id,
        p1_0.razorpay_signature,
        p1_0.status,
        p1_0.updated_at,
        p1_0.user_id 
    from
        payments p1_0 
    where
        p1_0.user_id=?
Hibernate: 
    select
        p1_0.id,
        p1_0.amount,
        p1_0.created_at,
        p1_0.currency,
        p1_0.donation_id,
        p1_0.razorpay_order_id,
        p1_0.razorpay_payment_id,
        p1_0.razorpay_signature,
        p1_0.status,
        p1_0.updated_at,
        p1_0.user_id 
    from
        payments p1_0 
    where
        p1_0.user_id=?
Hibernate: 
    select
        p1_0.id,
        p1_0.amount,
        p1_0.created_at,
        p1_0.currency,
        p1_0.donation_id,
        p1_0.razorpay_order_id,
        p1_0.razorpay_payment_id,
        p1_0.razorpay_signature,
        p1_0.status,
        p1_0.updated_at,
        p1_0.user_id 
    from
        payments p1_0 
    where
        p1_0.user_id=?
2026-10-03T22:04:49.078+05:30  INFO 57659 --- [payment-service] [rap-executor-%d] c.n.d.s.r.aws.ConfigClusterResolver      : Resolving eureka endpoints via configuration
2026-10-03T22:07:11.942+05:30  INFO 57659 --- [payment-service] [ionShutdownHook] o.s.c.n.e.s.EurekaServiceRegistry        : Unregistering application PAYMENT-SERVICE with eureka with status DOWN
2026-10-03T22:07:11.943+05:30  INFO 57659 --- [payment-service] [ionShutdownHook] com.netflix.discovery.DiscoveryClient    : Saw local status change event StatusChangeEvent [timestamp=1791045431943, current=DOWN, previous=UP]
2026-10-03T22:07:11.945+05:30  INFO 57659 --- [payment-service] [foReplicator-%d] com.netflix.discovery.DiscoveryClient    : DiscoveryClient_PAYMENT-SERVICE/10.143.180.246:payment-service:8086: registering service...
2026-10-03T22:07:11.964+05:30  INFO 57659 --- [payment-service] [ionShutdownHook] o.s.boot.tomcat.GracefulShutdown         : Commencing graceful shutdown. Waiting for active requests to complete
2026-10-03T22:07:11.969+05:30  INFO 57659 --- [payment-service] [tomcat-shutdown] o.s.boot.tomcat.GracefulShutdown         : Graceful shutdown complete
2026-10-03T22:07:11.978+05:30  INFO 57659 --- [payment-service] [ionShutdownHook] j.LocalContainerEntityManagerFactoryBean : Closing JPA EntityManagerFactory for persistence unit 'default'
2026-10-03T22:07:11.983+05:30  INFO 57659 --- [payment-service] [foReplicator-%d] com.netflix.discovery.DiscoveryClient    : DiscoveryClient_PAYMENT-SERVICE/10.143.180.246:payment-service:8086 - registration status: 204
2026-10-03T22:07:11.988+05:30  INFO 57659 --- [payment-service] [ionShutdownHook] com.zaxxer.hikari.HikariDataSource       : HikariPool-1 - Shutdown initiated...
2026-10-03T22:07:11.990+05:30  INFO 57659 --- [payment-service] [ionShutdownHook] com.zaxxer.hikari.HikariDataSource       : HikariPool-1 - Shutdown completed.
2026-10-03T22:07:11.991+05:30  INFO 57659 --- [payment-service] [ionShutdownHook] com.netflix.discovery.DiscoveryClient    : Shutting down DiscoveryClient ...
2026-10-03T22:07:14.998+05:30  INFO 57659 --- [payment-service] [ionShutdownHook] com.netflix.discovery.DiscoveryClient    : Unregistering ...
2026-10-03T22:07:15.018+05:30  INFO 57659 --- [payment-service] [ionShutdownHook] com.netflix.discovery.DiscoveryClient    : DiscoveryClient_PAYMENT-SERVICE/10.143.180.246:payment-service:8086 - deregister  status: 200
2026-10-03T22:07:15.019+05:30  INFO 57659 --- [payment-service] [ionShutdownHook] com.netflix.discovery.DiscoveryClient    : Completed shut down of DiscoveryClient
[INFO] ------------------------------------------------------------------------
[INFO] BUILD FAILURE
[INFO] ------------------------------------------------------------------------
[INFO] Total time:  17:33 min
[INFO] Finished at: 2026-10-03T22:07:15+05:30
[INFO] ------------------------------------------------------------------------
[ERROR] Failed to execute goal org.springframework.boot:spring-boot-maven-plugin:4.1.1:run (default-cli) on project payment_service: Process terminated with exit code: 143 -> [Help 1]
[ERROR] 
[ERROR] To see the full stack trace of the errors, re-run Maven with the -e switch.
[ERROR] Re-run Maven using the -X switch to enable full debug logging.
[ERROR] 
[ERROR] For more information about the errors and possible solutions, please read the following articles:
[ERROR] [Help 1] http://cwiki.apache.org/confluence/display/MAVEN/MojoExecutionException
