[INFO] Scanning for projects...
[INFO] 
[INFO] -------------------< com.foodshare:service-registry >-------------------
[INFO] Building  0.0.1-SNAPSHOT
[INFO]   from pom.xml
[INFO] --------------------------------[ jar ]---------------------------------
[INFO] 
[INFO] >>> spring-boot:4.1.0:run (default-cli) > test-compile @ service-registry >>>
[INFO] 
[INFO] --- resources:3.5.0:resources (default-resources) @ service-registry ---
[INFO] Copying 1 resource from src/main/resources to target/classes
[INFO] Copying 0 resource from src/main/resources to target/classes
[INFO] 
[INFO] --- compiler:3.15.0:compile (default-compile) @ service-registry ---
[INFO] Nothing to compile - all classes are up to date.
[INFO] 
[INFO] --- resources:3.5.0:testResources (default-testResources) @ service-registry ---
[INFO] skip non existing resourceDirectory /Users/ravipandit/Development/MCA/Spring-Boot-Project/FoodShare_Fronted /Backend/service-registry/src/test/resources
[INFO] 
[INFO] --- compiler:3.15.0:testCompile (default-testCompile) @ service-registry ---
[INFO] Nothing to compile - all classes are up to date.
[INFO] 
[INFO] <<< spring-boot:4.1.0:run (default-cli) < test-compile @ service-registry <<<
[INFO] 
[INFO] 
[INFO] --- spring-boot:4.1.0:run (default-cli) @ service-registry ---
[INFO] Attaching agents: []

  .   ____          _            __ _ _
 /\\ / ___'_ __ _ _(_)_ __  __ _ \ \ \ \
( ( )\___ | '_ | '_| | '_ \/ _` | \ \ \ \
 \\/  ___)| |_)| | | | | || (_| |  ) ) ) )
  '  |____| .__|_| |_|_| |_\__, | / / / /
 =========|_|==============|___/=/_/_/_/

 :: Spring Boot ::                (v4.1.0)

<<<<<<< HEAD
2026-09-29T11:20:56.056+05:30  INFO 5478 --- [service-registry] [           main] c.f.s.ServiceRegistryApplication         : Starting ServiceRegistryApplication using Java 21.0.12 with PID 5478 (/Users/ravipandit/Development/MCA/Spring-Boot-Project/FoodShare_Fronted /Backend/service-registry/target/classes started by ravipandit in /Users/ravipandit/Development/MCA/Spring-Boot-Project/FoodShare_Fronted /Backend/service-registry)
2026-09-29T11:20:56.057+05:30  INFO 5478 --- [service-registry] [           main] c.f.s.ServiceRegistryApplication         : No active profile set, falling back to 1 default profile: "default"
2026-09-29T11:20:56.449+05:30  INFO 5478 --- [service-registry] [           main] o.s.cloud.context.scope.GenericScope     : BeanFactory id=29ae514e-1145-386b-a836-d233a57a7f44
2026-09-29T11:20:56.556+05:30  INFO 5478 --- [service-registry] [           main] o.s.boot.tomcat.TomcatWebServer          : Tomcat initialized with port 8761 (http)
2026-09-29T11:20:56.563+05:30  INFO 5478 --- [service-registry] [           main] o.apache.catalina.core.StandardService   : Starting service [Tomcat]
2026-09-29T11:20:56.563+05:30  INFO 5478 --- [service-registry] [           main] o.apache.catalina.core.StandardEngine    : Starting Servlet engine: [Apache Tomcat/11.0.22]
2026-09-29T11:20:56.594+05:30  INFO 5478 --- [service-registry] [           main] b.w.c.s.WebApplicationContextInitializer : Root WebApplicationContext: initialization completed in 515 ms
2026-09-29T11:20:56.977+05:30  INFO 5478 --- [service-registry] [           main] c.n.d.provider.DiscoveryJerseyProvider   : Using JSON encoding codec LegacyJacksonJson
2026-09-29T11:20:56.977+05:30  INFO 5478 --- [service-registry] [           main] c.n.d.provider.DiscoveryJerseyProvider   : Using JSON decoding codec LegacyJacksonJson
2026-09-29T11:20:57.087+05:30  INFO 5478 --- [service-registry] [           main] c.n.d.provider.DiscoveryJerseyProvider   : Using XML encoding codec XStreamXml
2026-09-29T11:20:57.088+05:30  INFO 5478 --- [service-registry] [           main] c.n.d.provider.DiscoveryJerseyProvider   : Using XML decoding codec XStreamXml
2026-09-29T11:20:57.147+05:30  INFO 5478 --- [service-registry] [           main] o.s.v.b.OptionalValidatorFactoryBean     : Failed to set up a Bean Validation provider: jakarta.validation.NoProviderFoundException: Unable to create a Configuration, because no Jakarta Validation provider could be found. Add a provider like Hibernate Validator (RI) to your classpath.
2026-09-29T11:20:57.392+05:30  WARN 5478 --- [service-registry] [           main] iguration$LoadBalancerCaffeineWarnLogger : Spring Cloud LoadBalancer is currently working with the default cache. While this cache implementation is useful for development and tests, it's recommended to use Caffeine cache in production.You can switch to using Caffeine cache, by adding it and org.springframework.cache.caffeine.CaffeineCacheManager to the classpath.
2026-09-29T11:20:57.399+05:30  INFO 5478 --- [service-registry] [           main] o.s.c.n.eureka.InstanceInfoFactory       : Setting initial instance status as: STARTING
2026-09-29T11:20:57.408+05:30  INFO 5478 --- [service-registry] [           main] com.netflix.discovery.DiscoveryClient    : Initializing Eureka in region us-east-1
2026-09-29T11:20:57.408+05:30  INFO 5478 --- [service-registry] [           main] com.netflix.discovery.DiscoveryClient    : Client configured to neither register nor query for data.
2026-09-29T11:20:57.408+05:30  INFO 5478 --- [service-registry] [           main] com.netflix.discovery.DiscoveryClient    : Discovery Client initialized at timestamp 1790661057408 with initial instances count: 0
2026-09-29T11:20:57.424+05:30  INFO 5478 --- [service-registry] [           main] c.n.eureka.DefaultEurekaServerContext    : Initializing ...
2026-09-29T11:20:57.425+05:30  WARN 5478 --- [service-registry] [           main] c.n.eureka.cluster.PeerEurekaNodes       : The replica size seems to be empty. Check the route 53 DNS Registry
2026-09-29T11:20:57.429+05:30  INFO 5478 --- [service-registry] [           main] c.n.e.registry.AbstractInstanceRegistry  : Finished initializing remote region registries. All known remote regions: []
2026-09-29T11:20:57.429+05:30  INFO 5478 --- [service-registry] [           main] c.n.eureka.DefaultEurekaServerContext    : Initialized
2026-09-29T11:20:57.433+05:30  INFO 5478 --- [service-registry] [           main] o.s.b.a.e.web.EndpointLinksResolver      : Exposing 1 endpoint beneath base path '/actuator'
2026-09-29T11:20:57.454+05:30  INFO 5478 --- [service-registry] [           main] o.s.c.n.e.s.EurekaServiceRegistry        : Registering application SERVICE-REGISTRY with eureka with status UP
2026-09-29T11:20:57.459+05:30  INFO 5478 --- [service-registry] [       Thread-9] o.s.c.n.e.server.EurekaServerBootstrap   : isAws returned false
2026-09-29T11:20:57.459+05:30  INFO 5478 --- [service-registry] [       Thread-9] o.s.c.n.e.server.EurekaServerBootstrap   : Initialized server context
2026-09-29T11:20:57.459+05:30  INFO 5478 --- [service-registry] [       Thread-9] c.n.e.r.PeerAwareInstanceRegistryImpl    : Got 1 instances from neighboring DS node
2026-09-29T11:20:57.459+05:30  INFO 5478 --- [service-registry] [       Thread-9] c.n.e.r.PeerAwareInstanceRegistryImpl    : Renew threshold is: 1
2026-09-29T11:20:57.459+05:30  INFO 5478 --- [service-registry] [       Thread-9] c.n.e.r.PeerAwareInstanceRegistryImpl    : Changing status to UP
2026-09-29T11:20:57.460+05:30  INFO 5478 --- [service-registry] [       Thread-9] e.s.EurekaServerInitializerConfiguration : Started Eureka Server
2026-09-29T11:20:57.467+05:30  INFO 5478 --- [service-registry] [           main] o.s.boot.tomcat.TomcatWebServer          : Tomcat started on port 8761 (http) with context path '/'
2026-09-29T11:20:57.467+05:30  INFO 5478 --- [service-registry] [           main] .s.c.n.e.s.EurekaAutoServiceRegistration : Updating port to 8761
2026-09-29T11:20:57.474+05:30  INFO 5478 --- [service-registry] [           main] c.f.s.ServiceRegistryApplication         : Started ServiceRegistryApplication in 1.588 seconds (process running for 1.831)
2026-09-29T11:21:10.210+05:30  INFO 5478 --- [service-registry] [nio-8761-exec-1] o.a.c.c.C.[Tomcat].[localhost].[/]       : Initializing Spring DispatcherServlet 'dispatcherServlet'
2026-09-29T11:21:10.212+05:30  INFO 5478 --- [service-registry] [nio-8761-exec-1] o.s.web.servlet.DispatcherServlet        : Initializing Servlet 'dispatcherServlet'
2026-09-29T11:21:10.217+05:30  INFO 5478 --- [service-registry] [nio-8761-exec-1] o.s.web.servlet.DispatcherServlet        : Completed initialization in 5 ms
2026-09-29T11:21:10.555+05:30  INFO 5478 --- [service-registry] [nio-8761-exec-2] c.n.e.registry.AbstractInstanceRegistry  : Registered instance API-GATEWAY/192.168.4.46:api-gateway:8079 with status UP (replication=false)
2026-09-29T11:21:13.200+05:30  INFO 5478 --- [service-registry] [nio-8761-exec-5] c.n.e.registry.AbstractInstanceRegistry  : Registered instance USER-SERVICE/192.168.4.46:user-service:8082 with status UP (replication=false)
2026-09-29T11:21:13.202+05:30  INFO 5478 --- [service-registry] [nio-8761-exec-6] c.n.e.registry.AbstractInstanceRegistry  : Registered instance FOOD-SERVICE/192.168.4.46:food-service:8083 with status UP (replication=false)
2026-09-29T11:21:13.338+05:30  INFO 5478 --- [service-registry] [nio-8761-exec-8] c.n.e.registry.AbstractInstanceRegistry  : Registered instance AUTH-SERVICE/192.168.4.46:auth-service:8084 with status UP (replication=false)
2026-09-29T11:21:14.231+05:30  INFO 5478 --- [service-registry] [io-8761-exec-10] c.n.e.registry.AbstractInstanceRegistry  : Registered instance REQUEST-SERVICE/192.168.4.46:request-service:8085 with status UP (replication=false)
2026-09-29T11:21:57.464+05:30  INFO 5478 --- [service-registry] [a-EvictionTimer] c.n.e.registry.AbstractInstanceRegistry  : Running the evict task with compensationTime 0ms
2026-09-29T11:22:57.467+05:30  INFO 5478 --- [service-registry] [a-EvictionTimer] c.n.e.registry.AbstractInstanceRegistry  : Running the evict task with compensationTime 4ms
2026-09-29T11:23:57.467+05:30  INFO 5478 --- [service-registry] [a-EvictionTimer] c.n.e.registry.AbstractInstanceRegistry  : Running the evict task with compensationTime 1ms
2026-09-29T11:24:57.467+05:30  INFO 5478 --- [service-registry] [a-EvictionTimer] c.n.e.registry.AbstractInstanceRegistry  : Running the evict task with compensationTime 1ms
2026-09-29T11:25:57.468+05:30  INFO 5478 --- [service-registry] [a-EvictionTimer] c.n.e.registry.AbstractInstanceRegistry  : Running the evict task with compensationTime 2ms
2026-09-29T11:26:57.470+05:30  INFO 5478 --- [service-registry] [a-EvictionTimer] c.n.e.registry.AbstractInstanceRegistry  : Running the evict task with compensationTime 3ms
2026-09-29T11:27:57.471+05:30  INFO 5478 --- [service-registry] [a-EvictionTimer] c.n.e.registry.AbstractInstanceRegistry  : Running the evict task with compensationTime 2ms
2026-09-29T11:28:57.475+05:30  INFO 5478 --- [service-registry] [a-EvictionTimer] c.n.e.registry.AbstractInstanceRegistry  : Running the evict task with compensationTime 4ms
2026-09-29T11:29:57.478+05:30  INFO 5478 --- [service-registry] [a-EvictionTimer] c.n.e.registry.AbstractInstanceRegistry  : Running the evict task with compensationTime 5ms
2026-09-29T11:30:57.422+05:30  WARN 5478 --- [service-registry] [eerNodesUpdater] c.n.eureka.cluster.PeerEurekaNodes       : The replica size seems to be empty. Check the route 53 DNS Registry
2026-09-29T11:30:57.482+05:30  INFO 5478 --- [service-registry] [a-EvictionTimer] c.n.e.registry.AbstractInstanceRegistry  : Running the evict task with compensationTime 4ms
2026-09-29T11:31:57.482+05:30  INFO 5478 --- [service-registry] [a-EvictionTimer] c.n.e.registry.AbstractInstanceRegistry  : Running the evict task with compensationTime 0ms
2026-09-29T11:32:57.485+05:30  INFO 5478 --- [service-registry] [a-EvictionTimer] c.n.e.registry.AbstractInstanceRegistry  : Running the evict task with compensationTime 4ms
2026-09-29T11:33:57.485+05:30  INFO 5478 --- [service-registry] [a-EvictionTimer] c.n.e.registry.AbstractInstanceRegistry  : Running the evict task with compensationTime 1ms
2026-09-29T11:34:57.489+05:30  INFO 5478 --- [service-registry] [a-EvictionTimer] c.n.e.registry.AbstractInstanceRegistry  : Running the evict task with compensationTime 5ms
2026-09-29T11:35:57.432+05:30  INFO 5478 --- [service-registry] [hresholdUpdater] c.n.e.r.PeerAwareInstanceRegistryImpl    : Current renewal threshold is : 10
2026-09-29T11:35:57.493+05:30  INFO 5478 --- [service-registry] [a-EvictionTimer] c.n.e.registry.AbstractInstanceRegistry  : Running the evict task with compensationTime 5ms
2026-09-29T11:36:57.493+05:30  INFO 5478 --- [service-registry] [a-EvictionTimer] c.n.e.registry.AbstractInstanceRegistry  : Running the evict task with compensationTime 0ms
2026-09-29T11:37:57.497+05:30  INFO 5478 --- [service-registry] [a-EvictionTimer] c.n.e.registry.AbstractInstanceRegistry  : Running the evict task with compensationTime 4ms
2026-09-29T11:38:57.497+05:30  INFO 5478 --- [service-registry] [a-EvictionTimer] c.n.e.registry.AbstractInstanceRegistry  : Running the evict task with compensationTime 1ms
2026-09-29T11:39:57.498+05:30  INFO 5478 --- [service-registry] [a-EvictionTimer] c.n.e.registry.AbstractInstanceRegistry  : Running the evict task with compensationTime 2ms
2026-09-29T11:40:57.418+05:30  WARN 5478 --- [service-registry] [eerNodesUpdater] c.n.eureka.cluster.PeerEurekaNodes       : The replica size seems to be empty. Check the route 53 DNS Registry
2026-09-29T11:40:57.498+05:30  INFO 5478 --- [service-registry] [a-EvictionTimer] c.n.e.registry.AbstractInstanceRegistry  : Running the evict task with compensationTime 0ms
2026-09-29T11:41:57.502+05:30  INFO 5478 --- [service-registry] [a-EvictionTimer] c.n.e.registry.AbstractInstanceRegistry  : Running the evict task with compensationTime 5ms
2026-09-29T11:42:57.502+05:30  INFO 5478 --- [service-registry] [a-EvictionTimer] c.n.e.registry.AbstractInstanceRegistry  : Running the evict task with compensationTime 1ms
2026-09-29T11:43:57.506+05:30  INFO 5478 --- [service-registry] [a-EvictionTimer] c.n.e.registry.AbstractInstanceRegistry  : Running the evict task with compensationTime 4ms
2026-09-29T11:44:57.505+05:30  INFO 5478 --- [service-registry] [a-EvictionTimer] c.n.e.registry.AbstractInstanceRegistry  : Running the evict task with compensationTime 0ms
2026-09-29T11:45:57.509+05:30  INFO 5478 --- [service-registry] [a-EvictionTimer] c.n.e.registry.AbstractInstanceRegistry  : Running the evict task with compensationTime 5ms
2026-09-29T11:46:57.513+05:30  INFO 5478 --- [service-registry] [a-EvictionTimer] c.n.e.registry.AbstractInstanceRegistry  : Running the evict task with compensationTime 4ms
2026-09-29T11:47:57.512+05:30  INFO 5478 --- [service-registry] [a-EvictionTimer] c.n.e.registry.AbstractInstanceRegistry  : Running the evict task with compensationTime 0ms
2026-09-29T11:48:57.513+05:30  INFO 5478 --- [service-registry] [a-EvictionTimer] c.n.e.registry.AbstractInstanceRegistry  : Running the evict task with compensationTime 2ms
2026-09-29T11:49:57.514+05:30  INFO 5478 --- [service-registry] [a-EvictionTimer] c.n.e.registry.AbstractInstanceRegistry  : Running the evict task with compensationTime 0ms
2026-09-29T11:50:57.414+05:30  WARN 5478 --- [service-registry] [eerNodesUpdater] c.n.eureka.cluster.PeerEurekaNodes       : The replica size seems to be empty. Check the route 53 DNS Registry
2026-09-29T11:50:57.436+05:30  INFO 5478 --- [service-registry] [hresholdUpdater] c.n.e.r.PeerAwareInstanceRegistryImpl    : Current renewal threshold is : 10
2026-09-29T11:50:57.517+05:30  INFO 5478 --- [service-registry] [a-EvictionTimer] c.n.e.registry.AbstractInstanceRegistry  : Running the evict task with compensationTime 5ms
2026-09-29T11:51:57.519+05:30  INFO 5478 --- [service-registry] [a-EvictionTimer] c.n.e.registry.AbstractInstanceRegistry  : Running the evict task with compensationTime 2ms
2026-09-29T11:52:57.520+05:30  INFO 5478 --- [service-registry] [a-EvictionTimer] c.n.e.registry.AbstractInstanceRegistry  : Running the evict task with compensationTime 2ms
2026-09-29T11:53:57.525+05:30  INFO 5478 --- [service-registry] [a-EvictionTimer] c.n.e.registry.AbstractInstanceRegistry  : Running the evict task with compensationTime 5ms
2026-09-29T11:54:57.528+05:30  INFO 5478 --- [service-registry] [a-EvictionTimer] c.n.e.registry.AbstractInstanceRegistry  : Running the evict task with compensationTime 4ms
2026-09-29T11:55:57.529+05:30  INFO 5478 --- [service-registry] [a-EvictionTimer] c.n.e.registry.AbstractInstanceRegistry  : Running the evict task with compensationTime 2ms
2026-09-29T11:56:57.534+05:30  INFO 5478 --- [service-registry] [a-EvictionTimer] c.n.e.registry.AbstractInstanceRegistry  : Running the evict task with compensationTime 5ms
2026-09-29T11:57:57.537+05:30  INFO 5478 --- [service-registry] [a-EvictionTimer] c.n.e.registry.AbstractInstanceRegistry  : Running the evict task with compensationTime 4ms
2026-09-29T11:58:57.541+05:30  INFO 5478 --- [service-registry] [a-EvictionTimer] c.n.e.registry.AbstractInstanceRegistry  : Running the evict task with compensationTime 5ms
2026-09-29T11:59:57.545+05:30  INFO 5478 --- [service-registry] [a-EvictionTimer] c.n.e.registry.AbstractInstanceRegistry  : Running the evict task with compensationTime 5ms
2026-09-29T12:00:57.410+05:30  WARN 5478 --- [service-registry] [eerNodesUpdater] c.n.eureka.cluster.PeerEurekaNodes       : The replica size seems to be empty. Check the route 53 DNS Registry
2026-09-29T12:00:57.549+05:30  INFO 5478 --- [service-registry] [a-EvictionTimer] c.n.e.registry.AbstractInstanceRegistry  : Running the evict task with compensationTime 5ms
2026-09-29T12:01:57.550+05:30  INFO 5478 --- [service-registry] [a-EvictionTimer] c.n.e.registry.AbstractInstanceRegistry  : Running the evict task with compensationTime 1ms
2026-09-29T12:02:57.554+05:30  INFO 5478 --- [service-registry] [a-EvictionTimer] c.n.e.registry.AbstractInstanceRegistry  : Running the evict task with compensationTime 5ms
2026-09-29T12:03:57.558+05:30  INFO 5478 --- [service-registry] [a-EvictionTimer] c.n.e.registry.AbstractInstanceRegistry  : Running the evict task with compensationTime 5ms
2026-09-29T12:04:57.562+05:30  INFO 5478 --- [service-registry] [a-EvictionTimer] c.n.e.registry.AbstractInstanceRegistry  : Running the evict task with compensationTime 5ms
2026-09-29T12:05:57.440+05:30  INFO 5478 --- [service-registry] [hresholdUpdater] c.n.e.r.PeerAwareInstanceRegistryImpl    : Current renewal threshold is : 10
2026-09-29T12:05:57.566+05:30  INFO 5478 --- [service-registry] [a-EvictionTimer] c.n.e.registry.AbstractInstanceRegistry  : Running the evict task with compensationTime 5ms
2026-09-29T12:06:57.571+05:30  INFO 5478 --- [service-registry] [a-EvictionTimer] c.n.e.registry.AbstractInstanceRegistry  : Running the evict task with compensationTime 4ms
2026-09-29T12:07:57.571+05:30  INFO 5478 --- [service-registry] [a-EvictionTimer] c.n.e.registry.AbstractInstanceRegistry  : Running the evict task with compensationTime 2ms
2026-09-29T12:08:57.575+05:30  INFO 5478 --- [service-registry] [a-EvictionTimer] c.n.e.registry.AbstractInstanceRegistry  : Running the evict task with compensationTime 4ms
2026-09-29T12:09:57.574+05:30  INFO 5478 --- [service-registry] [a-EvictionTimer] c.n.e.registry.AbstractInstanceRegistry  : Running the evict task with compensationTime 1ms
2026-09-29T12:10:57.405+05:30  WARN 5478 --- [service-registry] [eerNodesUpdater] c.n.eureka.cluster.PeerEurekaNodes       : The replica size seems to be empty. Check the route 53 DNS Registry
2026-09-29T12:10:57.578+05:30  INFO 5478 --- [service-registry] [a-EvictionTimer] c.n.e.registry.AbstractInstanceRegistry  : Running the evict task with compensationTime 4ms
2026-09-29T12:11:57.583+05:30  INFO 5478 --- [service-registry] [a-EvictionTimer] c.n.e.registry.AbstractInstanceRegistry  : Running the evict task with compensationTime 5ms
2026-09-29T12:12:57.586+05:30  INFO 5478 --- [service-registry] [a-EvictionTimer] c.n.e.registry.AbstractInstanceRegistry  : Running the evict task with compensationTime 4ms
2026-09-29T12:13:57.586+05:30  INFO 5478 --- [service-registry] [a-EvictionTimer] c.n.e.registry.AbstractInstanceRegistry  : Running the evict task with compensationTime 1ms
2026-09-29T12:14:57.590+05:30  INFO 5478 --- [service-registry] [a-EvictionTimer] c.n.e.registry.AbstractInstanceRegistry  : Running the evict task with compensationTime 4ms
2026-09-29T12:15:57.592+05:30  INFO 5478 --- [service-registry] [a-EvictionTimer] c.n.e.registry.AbstractInstanceRegistry  : Running the evict task with compensationTime 3ms
2026-09-29T12:16:57.595+05:30  INFO 5478 --- [service-registry] [a-EvictionTimer] c.n.e.registry.AbstractInstanceRegistry  : Running the evict task with compensationTime 3ms
2026-09-29T12:17:57.598+05:30  INFO 5478 --- [service-registry] [a-EvictionTimer] c.n.e.registry.AbstractInstanceRegistry  : Running the evict task with compensationTime 4ms
2026-09-29T12:18:57.601+05:30  INFO 5478 --- [service-registry] [a-EvictionTimer] c.n.e.registry.AbstractInstanceRegistry  : Running the evict task with compensationTime 4ms
2026-09-29T12:19:57.605+05:30  INFO 5478 --- [service-registry] [a-EvictionTimer] c.n.e.registry.AbstractInstanceRegistry  : Running the evict task with compensationTime 5ms
2026-09-29T12:20:57.396+05:30  WARN 5478 --- [service-registry] [eerNodesUpdater] c.n.eureka.cluster.PeerEurekaNodes       : The replica size seems to be empty. Check the route 53 DNS Registry
2026-09-29T12:20:57.442+05:30  INFO 5478 --- [service-registry] [hresholdUpdater] c.n.e.r.PeerAwareInstanceRegistryImpl    : Current renewal threshold is : 10
2026-09-29T12:20:57.605+05:30  INFO 5478 --- [service-registry] [a-EvictionTimer] c.n.e.registry.AbstractInstanceRegistry  : Running the evict task with compensationTime 1ms
2026-09-29T12:21:57.609+05:30  INFO 5478 --- [service-registry] [a-EvictionTimer] c.n.e.registry.AbstractInstanceRegistry  : Running the evict task with compensationTime 5ms
2026-09-29T12:22:57.610+05:30  INFO 5478 --- [service-registry] [a-EvictionTimer] c.n.e.registry.AbstractInstanceRegistry  : Running the evict task with compensationTime 2ms
2026-09-29T12:23:57.612+05:30  INFO 5478 --- [service-registry] [a-EvictionTimer] c.n.e.registry.AbstractInstanceRegistry  : Running the evict task with compensationTime 2ms
2026-09-29T12:24:57.613+05:30  INFO 5478 --- [service-registry] [a-EvictionTimer] c.n.e.registry.AbstractInstanceRegistry  : Running the evict task with compensationTime 3ms
2026-09-29T12:25:57.617+05:30  INFO 5478 --- [service-registry] [a-EvictionTimer] c.n.e.registry.AbstractInstanceRegistry  : Running the evict task with compensationTime 5ms
2026-09-29T12:26:57.618+05:30  INFO 5478 --- [service-registry] [a-EvictionTimer] c.n.e.registry.AbstractInstanceRegistry  : Running the evict task with compensationTime 2ms
2026-09-29T12:27:57.618+05:30  INFO 5478 --- [service-registry] [a-EvictionTimer] c.n.e.registry.AbstractInstanceRegistry  : Running the evict task with compensationTime 1ms
2026-09-29T12:28:57.619+05:30  INFO 5478 --- [service-registry] [a-EvictionTimer] c.n.e.registry.AbstractInstanceRegistry  : Running the evict task with compensationTime 2ms
2026-09-29T12:29:57.622+05:30  INFO 5478 --- [service-registry] [a-EvictionTimer] c.n.e.registry.AbstractInstanceRegistry  : Running the evict task with compensationTime 4ms
2026-09-29T12:30:57.393+05:30  WARN 5478 --- [service-registry] [eerNodesUpdater] c.n.eureka.cluster.PeerEurekaNodes       : The replica size seems to be empty. Check the route 53 DNS Registry
2026-09-29T12:30:57.624+05:30  INFO 5478 --- [service-registry] [a-EvictionTimer] c.n.e.registry.AbstractInstanceRegistry  : Running the evict task with compensationTime 3ms
2026-09-29T12:31:57.627+05:30  INFO 5478 --- [service-registry] [a-EvictionTimer] c.n.e.registry.AbstractInstanceRegistry  : Running the evict task with compensationTime 3ms
2026-09-29T12:32:57.632+05:30  INFO 5478 --- [service-registry] [a-EvictionTimer] c.n.e.registry.AbstractInstanceRegistry  : Running the evict task with compensationTime 5ms
2026-09-29T12:33:57.636+05:30  INFO 5478 --- [service-registry] [a-EvictionTimer] c.n.e.registry.AbstractInstanceRegistry  : Running the evict task with compensationTime 4ms
2026-09-29T12:34:57.636+05:30  INFO 5478 --- [service-registry] [a-EvictionTimer] c.n.e.registry.AbstractInstanceRegistry  : Running the evict task with compensationTime 1ms
2026-09-29T12:35:57.447+05:30  INFO 5478 --- [service-registry] [hresholdUpdater] c.n.e.r.PeerAwareInstanceRegistryImpl    : Current renewal threshold is : 10
2026-09-29T12:35:57.636+05:30  INFO 5478 --- [service-registry] [a-EvictionTimer] c.n.e.registry.AbstractInstanceRegistry  : Running the evict task with compensationTime 1ms
2026-09-29T12:36:57.637+05:30  INFO 5478 --- [service-registry] [a-EvictionTimer] c.n.e.registry.AbstractInstanceRegistry  : Running the evict task with compensationTime 1ms
2026-09-29T12:37:57.637+05:30  INFO 5478 --- [service-registry] [a-EvictionTimer] c.n.e.registry.AbstractInstanceRegistry  : Running the evict task with compensationTime 1ms
2026-09-29T12:38:57.640+05:30  INFO 5478 --- [service-registry] [a-EvictionTimer] c.n.e.registry.AbstractInstanceRegistry  : Running the evict task with compensationTime 4ms
2026-09-29T12:39:57.645+05:30  INFO 5478 --- [service-registry] [a-EvictionTimer] c.n.e.registry.AbstractInstanceRegistry  : Running the evict task with compensationTime 5ms
2026-09-29T12:40:57.389+05:30  WARN 5478 --- [service-registry] [eerNodesUpdater] c.n.eureka.cluster.PeerEurekaNodes       : The replica size seems to be empty. Check the route 53 DNS Registry
2026-09-29T12:40:57.648+05:30  INFO 5478 --- [service-registry] [a-EvictionTimer] c.n.e.registry.AbstractInstanceRegistry  : Running the evict task with compensationTime 5ms
2026-09-29T12:41:57.652+05:30  INFO 5478 --- [service-registry] [a-EvictionTimer] c.n.e.registry.AbstractInstanceRegistry  : Running the evict task with compensationTime 4ms
2026-09-29T12:42:57.655+05:30  INFO 5478 --- [service-registry] [a-EvictionTimer] c.n.e.registry.AbstractInstanceRegistry  : Running the evict task with compensationTime 4ms
2026-09-29T12:43:57.656+05:30  INFO 5478 --- [service-registry] [a-EvictionTimer] c.n.e.registry.AbstractInstanceRegistry  : Running the evict task with compensationTime 1ms
2026-09-29T12:44:57.655+05:30  INFO 5478 --- [service-registry] [a-EvictionTimer] c.n.e.registry.AbstractInstanceRegistry  : Running the evict task with compensationTime 0ms
2026-09-29T12:45:57.657+05:30  INFO 5478 --- [service-registry] [a-EvictionTimer] c.n.e.registry.AbstractInstanceRegistry  : Running the evict task with compensationTime 3ms
2026-09-29T12:46:57.661+05:30  INFO 5478 --- [service-registry] [a-EvictionTimer] c.n.e.registry.AbstractInstanceRegistry  : Running the evict task with compensationTime 4ms
2026-09-29T12:47:57.666+05:30  INFO 5478 --- [service-registry] [a-EvictionTimer] c.n.e.registry.AbstractInstanceRegistry  : Running the evict task with compensationTime 5ms
2026-09-29T12:48:57.666+05:30  INFO 5478 --- [service-registry] [a-EvictionTimer] c.n.e.registry.AbstractInstanceRegistry  : Running the evict task with compensationTime 0ms
2026-09-29T12:49:57.671+05:30  INFO 5478 --- [service-registry] [a-EvictionTimer] c.n.e.registry.AbstractInstanceRegistry  : Running the evict task with compensationTime 4ms
2026-09-29T12:50:57.383+05:30  WARN 5478 --- [service-registry] [eerNodesUpdater] c.n.eureka.cluster.PeerEurekaNodes       : The replica size seems to be empty. Check the route 53 DNS Registry
2026-09-29T12:50:57.451+05:30  INFO 5478 --- [service-registry] [hresholdUpdater] c.n.e.r.PeerAwareInstanceRegistryImpl    : Current renewal threshold is : 10
2026-09-29T12:50:57.673+05:30  INFO 5478 --- [service-registry] [a-EvictionTimer] c.n.e.registry.AbstractInstanceRegistry  : Running the evict task with compensationTime 5ms
2026-09-29T12:51:57.676+05:30  INFO 5478 --- [service-registry] [a-EvictionTimer] c.n.e.registry.AbstractInstanceRegistry  : Running the evict task with compensationTime 2ms
2026-09-29T12:52:57.675+05:30  INFO 5478 --- [service-registry] [a-EvictionTimer] c.n.e.registry.AbstractInstanceRegistry  : Running the evict task with compensationTime 0ms
2026-09-29T12:53:57.675+05:30  INFO 5478 --- [service-registry] [a-EvictionTimer] c.n.e.registry.AbstractInstanceRegistry  : Running the evict task with compensationTime 1ms
2026-09-29T12:54:13.866+05:30  INFO 5478 --- [service-registry] [ionShutdownHook] o.s.c.n.e.s.EurekaServiceRegistry        : Unregistering application SERVICE-REGISTRY with eureka with status DOWN
2026-09-29T12:54:14.359+05:30  INFO 5478 --- [service-registry] [io-8761-exec-10] c.n.e.registry.AbstractInstanceRegistry  : Registered instance FOOD-SERVICE/192.168.4.46:food-service:8083 with status DOWN (replication=false)
2026-09-29T12:54:14.461+05:30  INFO 5478 --- [service-registry] [ionShutdownHook] o.s.boot.tomcat.GracefulShutdown         : Commencing graceful shutdown. Waiting for active requests to complete
2026-09-29T12:54:14.528+05:30  INFO 5478 --- [service-registry] [nio-8761-exec-6] c.n.e.registry.AbstractInstanceRegistry  : Registered instance AUTH-SERVICE/192.168.4.46:auth-service:8084 with status DOWN (replication=false)
2026-09-29T12:54:14.651+05:30  INFO 5478 --- [service-registry] [tomcat-shutdown] o.s.boot.tomcat.GracefulShutdown         : Graceful shutdown complete
2026-09-29T12:54:14.839+05:30  INFO 5478 --- [service-registry] [ionShutdownHook] o.s.c.n.e.server.EurekaServerBootstrap   : Shutting down Eureka Server..
2026-09-29T12:54:14.842+05:30  INFO 5478 --- [service-registry] [ionShutdownHook] c.n.eureka.DefaultEurekaServerContext    : Shutting down ...
2026-09-29T12:54:14.843+05:30  INFO 5478 --- [service-registry] [ionShutdownHook] c.n.eureka.DefaultEurekaServerContext    : Shut down
2026-09-29T12:54:14.844+05:30  INFO 5478 --- [service-registry] [ionShutdownHook] o.s.c.n.e.server.EurekaServerBootstrap   : Eureka Service is now shutdown...
2026-09-29T12:54:14.852+05:30  INFO 5478 --- [service-registry] [ionShutdownHook] c.n.eureka.DefaultEurekaServerContext    : Shutting down ...
2026-09-29T12:54:14.858+05:30  INFO 5478 --- [service-registry] [ionShutdownHook] c.n.eureka.DefaultEurekaServerContext    : Shut down
2026-09-29T12:54:15.004+05:30  INFO 5478 --- [service-registry] [ionShutdownHook] com.netflix.discovery.DiscoveryClient    : Shutting down DiscoveryClient ...
2026-09-29T12:54:15.005+05:30  INFO 5478 --- [service-registry] [ionShutdownHook] com.netflix.discovery.DiscoveryClient    : Completed shut down of DiscoveryClient
=======
2026-10-02T18:52:02.326+05:30  INFO 50301 --- [service-registry] [           main] c.f.s.ServiceRegistryApplication         : Starting ServiceRegistryApplication using Java 21.0.12 with PID 50301 (/Users/ravipandit/Development/MCA/Spring-Boot-Project/FoodShare_Fronted /Backend/service-registry/target/classes started by ravipandit in /Users/ravipandit/Development/MCA/Spring-Boot-Project/FoodShare_Fronted /Backend/service-registry)
2026-10-02T18:52:02.327+05:30  INFO 50301 --- [service-registry] [           main] c.f.s.ServiceRegistryApplication         : No active profile set, falling back to 1 default profile: "default"
2026-10-02T18:52:02.733+05:30  INFO 50301 --- [service-registry] [           main] o.s.cloud.context.scope.GenericScope     : BeanFactory id=29ae514e-1145-386b-a836-d233a57a7f44
2026-10-02T18:52:02.854+05:30  INFO 50301 --- [service-registry] [           main] o.s.boot.tomcat.TomcatWebServer          : Tomcat initialized with port 8761 (http)
2026-10-02T18:52:02.862+05:30  INFO 50301 --- [service-registry] [           main] o.apache.catalina.core.StandardService   : Starting service [Tomcat]
2026-10-02T18:52:02.862+05:30  INFO 50301 --- [service-registry] [           main] o.apache.catalina.core.StandardEngine    : Starting Servlet engine: [Apache Tomcat/11.0.22]
2026-10-02T18:52:02.893+05:30  INFO 50301 --- [service-registry] [           main] b.w.c.s.WebApplicationContextInitializer : Root WebApplicationContext: initialization completed in 545 ms
2026-10-02T18:52:03.318+05:30  INFO 50301 --- [service-registry] [           main] c.n.d.provider.DiscoveryJerseyProvider   : Using JSON encoding codec LegacyJacksonJson
2026-10-02T18:52:03.318+05:30  INFO 50301 --- [service-registry] [           main] c.n.d.provider.DiscoveryJerseyProvider   : Using JSON decoding codec LegacyJacksonJson
2026-10-02T18:52:03.410+05:30  INFO 50301 --- [service-registry] [           main] c.n.d.provider.DiscoveryJerseyProvider   : Using XML encoding codec XStreamXml
2026-10-02T18:52:03.410+05:30  INFO 50301 --- [service-registry] [           main] c.n.d.provider.DiscoveryJerseyProvider   : Using XML decoding codec XStreamXml
2026-10-02T18:52:03.481+05:30  INFO 50301 --- [service-registry] [           main] o.s.v.b.OptionalValidatorFactoryBean     : Failed to set up a Bean Validation provider: jakarta.validation.NoProviderFoundException: Unable to create a Configuration, because no Jakarta Validation provider could be found. Add a provider like Hibernate Validator (RI) to your classpath.
2026-10-02T18:52:03.758+05:30  WARN 50301 --- [service-registry] [           main] iguration$LoadBalancerCaffeineWarnLogger : Spring Cloud LoadBalancer is currently working with the default cache. While this cache implementation is useful for development and tests, it's recommended to use Caffeine cache in production.You can switch to using Caffeine cache, by adding it and org.springframework.cache.caffeine.CaffeineCacheManager to the classpath.
2026-10-02T18:52:03.766+05:30  INFO 50301 --- [service-registry] [           main] o.s.c.n.eureka.InstanceInfoFactory       : Setting initial instance status as: STARTING
2026-10-02T18:52:03.775+05:30  INFO 50301 --- [service-registry] [           main] com.netflix.discovery.DiscoveryClient    : Initializing Eureka in region us-east-1
2026-10-02T18:52:03.775+05:30  INFO 50301 --- [service-registry] [           main] com.netflix.discovery.DiscoveryClient    : Client configured to neither register nor query for data.
2026-10-02T18:52:03.776+05:30  INFO 50301 --- [service-registry] [           main] com.netflix.discovery.DiscoveryClient    : Discovery Client initialized at timestamp 1790947323775 with initial instances count: 0
2026-10-02T18:52:03.793+05:30  INFO 50301 --- [service-registry] [           main] c.n.eureka.DefaultEurekaServerContext    : Initializing ...
2026-10-02T18:52:03.794+05:30  WARN 50301 --- [service-registry] [           main] c.n.eureka.cluster.PeerEurekaNodes       : The replica size seems to be empty. Check the route 53 DNS Registry
2026-10-02T18:52:03.798+05:30  INFO 50301 --- [service-registry] [           main] c.n.e.registry.AbstractInstanceRegistry  : Finished initializing remote region registries. All known remote regions: []
2026-10-02T18:52:03.798+05:30  INFO 50301 --- [service-registry] [           main] c.n.eureka.DefaultEurekaServerContext    : Initialized
2026-10-02T18:52:03.802+05:30  INFO 50301 --- [service-registry] [           main] o.s.b.a.e.web.EndpointLinksResolver      : Exposing 1 endpoint beneath base path '/actuator'
2026-10-02T18:52:03.827+05:30  INFO 50301 --- [service-registry] [           main] o.s.c.n.e.s.EurekaServiceRegistry        : Registering application SERVICE-REGISTRY with eureka with status UP
2026-10-02T18:52:03.832+05:30  INFO 50301 --- [service-registry] [       Thread-9] o.s.c.n.e.server.EurekaServerBootstrap   : isAws returned false
2026-10-02T18:52:03.832+05:30  INFO 50301 --- [service-registry] [       Thread-9] o.s.c.n.e.server.EurekaServerBootstrap   : Initialized server context
2026-10-02T18:52:03.832+05:30  INFO 50301 --- [service-registry] [       Thread-9] c.n.e.r.PeerAwareInstanceRegistryImpl    : Got 1 instances from neighboring DS node
2026-10-02T18:52:03.832+05:30  INFO 50301 --- [service-registry] [       Thread-9] c.n.e.r.PeerAwareInstanceRegistryImpl    : Renew threshold is: 1
2026-10-02T18:52:03.832+05:30  INFO 50301 --- [service-registry] [       Thread-9] c.n.e.r.PeerAwareInstanceRegistryImpl    : Changing status to UP
2026-10-02T18:52:03.833+05:30  INFO 50301 --- [service-registry] [       Thread-9] e.s.EurekaServerInitializerConfiguration : Started Eureka Server
2026-10-02T18:52:03.842+05:30  INFO 50301 --- [service-registry] [           main] o.s.boot.tomcat.TomcatWebServer          : Tomcat started on port 8761 (http) with context path '/'
2026-10-02T18:52:03.843+05:30  INFO 50301 --- [service-registry] [           main] .s.c.n.e.s.EurekaAutoServiceRegistration : Updating port to 8761
2026-10-02T18:52:03.849+05:30  INFO 50301 --- [service-registry] [           main] c.f.s.ServiceRegistryApplication         : Started ServiceRegistryApplication in 1.71 seconds (process running for 1.965)
2026-10-02T18:52:16.084+05:30  INFO 50301 --- [service-registry] [nio-8761-exec-1] o.a.c.c.C.[Tomcat].[localhost].[/]       : Initializing Spring DispatcherServlet 'dispatcherServlet'
2026-10-02T18:52:16.085+05:30  INFO 50301 --- [service-registry] [nio-8761-exec-1] o.s.web.servlet.DispatcherServlet        : Initializing Servlet 'dispatcherServlet'
2026-10-02T18:52:16.088+05:30  INFO 50301 --- [service-registry] [nio-8761-exec-1] o.s.web.servlet.DispatcherServlet        : Completed initialization in 3 ms
2026-10-02T18:52:16.394+05:30  INFO 50301 --- [service-registry] [nio-8761-exec-2] c.n.e.registry.AbstractInstanceRegistry  : Registered instance API-GATEWAY/10.143.180.246:api-gateway:8079 with status UP (replication=false)
2026-10-02T18:52:18.329+05:30  INFO 50301 --- [service-registry] [nio-8761-exec-4] c.n.e.registry.AbstractInstanceRegistry  : Registered instance REQUEST-SERVICE/10.143.180.246:request-service:8085 with status UP (replication=false)
2026-10-02T18:52:18.754+05:30  INFO 50301 --- [service-registry] [nio-8761-exec-7] c.n.e.registry.AbstractInstanceRegistry  : Registered instance USER-SERVICE/10.143.180.246:user-service:8082 with status UP (replication=false)
2026-10-02T18:52:18.812+05:30  INFO 50301 --- [service-registry] [nio-8761-exec-8] c.n.e.registry.AbstractInstanceRegistry  : Registered instance FOOD-SERVICE/10.143.180.246:food-service:8083 with status UP (replication=false)
2026-10-02T18:52:18.913+05:30  INFO 50301 --- [service-registry] [io-8761-exec-10] c.n.e.registry.AbstractInstanceRegistry  : Registered instance AUTH-SERVICE/10.143.180.246:auth-service:8084 with status UP (replication=false)
2026-10-02T18:53:03.837+05:30  INFO 50301 --- [service-registry] [a-EvictionTimer] c.n.e.registry.AbstractInstanceRegistry  : Running the evict task with compensationTime 0ms
2026-10-02T18:54:03.847+05:30  INFO 50301 --- [service-registry] [a-EvictionTimer] c.n.e.registry.AbstractInstanceRegistry  : Running the evict task with compensationTime 6ms
2026-10-02T18:55:03.846+05:30  INFO 50301 --- [service-registry] [a-EvictionTimer] c.n.e.registry.AbstractInstanceRegistry  : Running the evict task with compensationTime 2ms
2026-10-02T18:56:03.851+05:30  INFO 50301 --- [service-registry] [a-EvictionTimer] c.n.e.registry.AbstractInstanceRegistry  : Running the evict task with compensationTime 3ms
2026-10-02T18:57:03.856+05:30  INFO 50301 --- [service-registry] [a-EvictionTimer] c.n.e.registry.AbstractInstanceRegistry  : Running the evict task with compensationTime 5ms
2026-10-02T18:58:03.859+05:30  INFO 50301 --- [service-registry] [a-EvictionTimer] c.n.e.registry.AbstractInstanceRegistry  : Running the evict task with compensationTime 3ms
2026-10-02T18:59:03.860+05:30  INFO 50301 --- [service-registry] [a-EvictionTimer] c.n.e.registry.AbstractInstanceRegistry  : Running the evict task with compensationTime 2ms
>>>>>>> 713e2ec (Add New Feature in Forgot Password)
